// Jest Snapshot v1, https://goo.gl/fbAQLP

exports[`ErrorAlert snapshot renders 1`] = `
<div
  className="alert alert-danger m-3 position-fixed bottom-0 end-0"
  role="alert"
>
  test
</div>
`;
